MAP
    CONFIG "PROJ_LIB" "/usr/share/proj/"
    DEBUG 1
    NAME "default"
    SIZE 800 800
    UNITS meters
    MAXSIZE 16384
    EXTENT -180 -90 180 90
    PROJECTION
        'epsg:4326'
    END #PROJECTION
    IMAGECOLOR 255 255 255 
    IMAGETYPE AGGA
    
    OUTPUTFORMAT
        NAME "GEOTIFF_INT16"
        DRIVER "GDAL/GTiff"
        MIMETYPE "image/tiff"
        FORMATOPTION "COMPRESS=DEFLATE"
        FORMATOPTION "ZLEVEL=2"
        FORMATOPTION "TILED=YES"
        FORMATOPTION "PREDICTOR=2"
        IMAGEMODE INT16
        EXTENSION "tif"
    END

    OUTPUTFORMAT
        NAME "GEOTIFF_BYTE"
        DRIVER "GDAL/GTiff"
        MIMETYPE "image/tiff"
        FORMATOPTION "COMPRESS=DEFLATE"
        FORMATOPTION "ZLEVEL=2"
        FORMATOPTION "TILED=YES"
        FORMATOPTION "PREDICTOR=2"
        IMAGEMODE BYTE
        EXTENSION "tif"
    END
    
    OUTPUTFORMAT
        NAME "SVG"
        DRIVER CAIRO/SVG
        MIMETYPE "image/svg+xml"
        IMAGEMODE RGB
        EXTENSION "svg"
    END

    OUTPUTFORMAT
        NAME "AGGA"
        DRIVER AGG/PNG
        MIMETYPE "image/png"
        IMAGEMODE RGB
        EXTENSION "png"
        TRANSPARENT OFF
    END
    
    WEB
        IMAGEPATH '/tmp/'
        TEMPPATH '/tmp/'
        METADATA
            'ows_title'           ''
            'ows_srs'             'EPSG:4326 EPSG:3857 EPSG:54009 EPSG:54012'
            'ows_abstract'        ''
            'ows_keywordlist'     ''
            'ows_enable_request'   '*'
            'ows_getlegendgraphic_formatlist' 'image/png,image/svg+xml'
            'ows_description'        ''
            'ows_addresstype'          'postal'
            'ows_address'              ''
            'ows_city'                 ''
            'ows_stateorprovince'      ''
            'ows_postcode'             ''
            'ows_country'              ''
            'ows_contactelectronicmailaddress' ''
            'ows_contactperson'            ''
            'ows_contactorganization'      ''
            'ows_contactposition'         ''
            'ows_hoursofservice'    ''
            'ows_contactinstructions' ''
            'ows_role'              ''
            'ows_fees'              'None'
            'ows_accessconstraints' 'None'
            'ows_onlineresource'    'http://localhost/example'
            'oga_onlineresource'    'http://localhost/example/ogcapi'
            'oga_enable_request'        '*'  
            'wms_allow_getmap_without_styles' 'true'
            'wms_rootlayer_name' ''
            'wms_feature_info_mime_type' 'text/html' 
        END
    END # WEB

    LAYER
        NAME 'foo'
        TYPE RASTER
        DATA 'foo'
        PROJECTION
            "epsg:4326"
        END
        STATUS on
    END

END #MAP