MAP
    CONFIG "PROJ_LIB" "/usr/share/proj/"
    DEBUG 1
    NAME "default"
    SIZE 800 800
    UNITS meters
    MAXSIZE 16384
    EXTENT -19949000.0 -6147500.0 19861750.0 8361000.0
    PROJECTION
        'init=epsg:152160'
    END #PROJECTION
    IMAGECOLOR 255 255 255 
    IMAGEQUALITY 80
    IMAGETYPE AGGA
    
    OUTPUTFORMAT
        NAME "GEOTIFF_INT16"
        DRIVER "GDAL/GTiff"
        MIMETYPE "image/tiff"
        FORMATOPTION "COMPRESS=DEFLATE"
        FORMATOPTION "ZLEVEL=2"
        FORMATOPTION "TILED=YES"
        FORMATOPTION "PREDICTOR=2"
        IMAGEMODE INT16
        EXTENSION "tif"
    END

    OUTPUTFORMAT
        NAME "GEOTIFF_BYTE"
        DRIVER "GDAL/GTiff"
        MIMETYPE "image/tiff"
        FORMATOPTION "COMPRESS=DEFLATE"
        FORMATOPTION "ZLEVEL=2"
        FORMATOPTION "TILED=YES"
        FORMATOPTION "PREDICTOR=2"
        IMAGEMODE BYTE
        EXTENSION "tif"
    END
    
    OUTPUTFORMAT
        NAME "SVG"
        DRIVER CAIRO/SVG
        MIMETYPE "image/svg+xml"
        IMAGEMODE RGB
        EXTENSION "svg"
    END
    
    OUTPUTFORMAT
        NAME "geojson"
        DRIVER "TEMPLATE"
        MIMETYPE "application/geo+json"
        FORMATOPTION "FILE=bdod.js"
    END
    
    OUTPUTFORMAT
        NAME "html"
        DRIVER "TEMPLATE"
        MIMETYPE "text/html"
        FORMATOPTION "FILE=bdod.html"
    END
    
    OUTPUTFORMAT
        NAME "AGGA"
        DRIVER AGG/PNG
        MIMETYPE "image/png"
        IMAGEMODE RGB
        EXTENSION "png"
        TRANSPARENT OFF
    END
    
    WEB
        IMAGEPATH '/tmp/'
        TEMPPATH '/tmp/'
        METADATA
            'ows_title'           ''
            'ows_srs'             'EPSG:152160 EPSG:4326 EPSG:3857 EPSG:54009 EPSG:54012'
            'ows_abstract'        ''
            'ows_keywordlist'     'digital soil mapping,Soil science,Global,geoscientificInformation'     
            'wms_feature_info_mime_type' 'text/html,application/geo+json'     
            'ows_enable_request'   '*'
            'ows_getlegendgraphic_formatlist' 'image/png,image/svg+xml'
            'ows_onlineresource'    'https://maps.isric.org/'
            'ows_description'        ''
            'ows_addresstype'          'postal'
            'ows_address'              'Droevendaalsesteeg 3, 6708 PB'
            'ows_city'                 'Wageningen'
            'ows_stateorprovince'      'Gelderland'
            'ows_postcode'             '6708PB'
            'ows_country'              'The Netherlands'
            'ows_contactelectronicmailaddress' 'soilgrids@isric.org'
            'ows_contactperson'            'Soilgrids'
            'ows_contactorganization'      'ISRIC - World Soil Reference'
            'ows_contactposition'         'SDI manager'
            'ows_hoursofservice'    '9AM to 5PM CET'
            'ows_contactinstructions' 'Contact by email'
            'ows_role'              'SDI manager'
            'ows_fees'              'None'
            'ows_accessconstraints' 'None'
            
        END
    END # WEB

    LAYER
        NAME 'foo'
        TYPE RASTER
        DATA 'foo'
        PROJECTION
            "init=epsg4326"
        END
        STATUS on
    END

END #MAP